D:\a\550-assembler\550-assembler\src\main\java\com\ece550\parsing\Parser.java
D:\a\550-assembler\550-assembler\src\main\java\com\ece550\gui\DialogFactory.java
D:\a\550-assembler\550-assembler\src\main\java\com\ece550\gui\factories\MenuFactory.java
D:\a\550-assembler\550-assembler\src\main\java\com\ece550\Main.java
D:\a\550-assembler\550-assembler\src\main\java\com\ece550\gui\factories\ButtonFactory.java
D:\a\550-assembler\550-assembler\src\main\java\com\ece550\gui\factories\MenuBarFactory.java
D:\a\550-assembler\550-assembler\src\main\java\com\ece550\assembulator\Assembulator.java
D:\a\550-assembler\550-assembler\src\main\java\com\ece550\assembulator\Assembler.java
D:\a\550-assembler\550-assembler\src\main\java\com\ece550\instructions\Instruction.java
D:\a\550-assembler\550-assembler\src\main\java\com\ece550\gui\factories\TextFieldFactory.java
D:\a\550-assembler\550-assembler\src\main\java\com\ece550\gui\factories\MenuItemFactory.java
D:\a\550-assembler\550-assembler\src\main\java\com\ece550\gui\GUI.java
D:\a\550-assembler\550-assembler\src\main\java\com\ece550\instructions\BadInstructionException.java
D:\a\550-assembler\550-assembler\src\main\java\com\ece550\gui\Executable.java
D:\a\550-assembler\550-assembler\src\main\java\com\ece550\instructions\InstructionType.java
D:\a\550-assembler\550-assembler\src\main\java\module-info.java
D:\a\550-assembler\550-assembler\src\main\java\com\ece550\instruction\Instruction.java
